[INFO] Scanning for projects...
[WARNING] 
[WARNING] Some problems were encountered while building the effective model for mg.msys:abde-back:jar:0.0.1-SNAPSHOT
[WARNING] 'build.plugins.plugin.(groupId:artifactId)' must be unique but found duplicate declaration of plugin org.apache.maven.plugins:maven-compiler-plugin @ line 220, column 12
[WARNING] 
[WARNING] It is highly recommended to fix these problems because they threaten the stability of your build.
[WARNING] 
[WARNING] For this reason, future Maven versions might no longer support building such malformed projects.
[WARNING] 
[INFO] 
[INFO] -------------------------< mg.msys:abde-back >--------------------------
[INFO] Building abde 0.0.1-SNAPSHOT
[INFO]   from pom.xml
[INFO] --------------------------------[ jar ]---------------------------------
[INFO] 
[INFO] --- jacoco:0.8.14:prepare-agent (default) @ abde-back ---
[INFO] argLine set to -javaagent:C:\\Users\\livar\\.m2\\repository\\org\\jacoco\\org.jacoco.agent\\0.8.14\\org.jacoco.agent-0.8.14-runtime.jar=destfile=D:\\Dev\\workspace\\abde-back\\target\\jacoco.exec,excludes=**/*MapperImpl.*:**/generated/**
[INFO] 
[INFO] --- resources:3.3.1:resources (default-resources) @ abde-back ---
[INFO] Copying 2 resources from src\main\resources to target\classes
[INFO] Copying 13 resources from src\main\resources to target\classes
[INFO] 
[INFO] --- compiler:3.14.1:compile (default-compile) @ abde-back ---
[INFO] Nothing to compile - all classes are up to date.
[INFO] 
[INFO] --- resources:3.3.1:testResources (default-testResources) @ abde-back ---
[INFO] skip non existing resourceDirectory D:\Dev\workspace\abde-back\src\test\resources
[INFO] 
[INFO] --- compiler:3.14.1:testCompile (default-testCompile) @ abde-back ---
[INFO] Recompiling the module because of changed source code.
[INFO] Compiling 18 source files with javac [debug parameters release 25] to target\test-classes
mvn : WARNING: A terminally deprecated method in sun.misc.Unsafe has been 
called
Au caractère Ligne:1 : 1
+ mvn test-compile 2>&1 > compile_output.txt ; Get-Content compile_outp ...
+ ~~~~~~~~~~~~~~~~~~~~~~~~~~~~~~~~~~~~~~~~~~
    + CategoryInfo          : NotSpecified: (WARNING: A term...has been called 
   :String) [], RemoteException
    + FullyQualifiedErrorId : NativeCommandError
 
WARNING: sun.misc.Unsafe::objectFieldOffset has been called by 
lombok.permit.Permit
WARNING: Please consider reporting this to the maintainers of class 
lombok.permit.Permit
WARNING: sun.misc.Unsafe::objectFieldOffset will be removed in a future release
[INFO] -------------------------------------------------------------
[ERROR] COMPILATION ERROR : 
[INFO] -------------------------------------------------------------
[ERROR] /D:/Dev/workspace/abde-back/src/test/java/mg/msys/abde_back/adapter/out/BookSearchPersistenceAdapterTest.java:[20,38] cannot find symbol
  symbol:   class AuthorReference
  location: package mg.msys.abde_back.domain.model
[ERROR] /D:/Dev/workspace/abde-back/src/test/java/mg/msys/abde_back/adapter/out/BookSearchPersistenceAdapterTest.java:[23,38] cannot find symbol
  symbol:   class BookSearchResult
  location: package mg.msys.abde_back.domain.model
[ERROR] /D:/Dev/workspace/abde-back/src/test/java/mg/msys/abde_back/infrastructure/repository/BookSearchJpaRepositoryTest.java:[21,38] cannot find symbol
  symbol:   class BookSearchResult
  location: package mg.msys.abde_back.domain.model
[ERROR] /D:/Dev/workspace/abde-back/src/test/java/mg/msys/abde_back/infrastructure/repository/BookSearchJpaRepositoryTest.java:[22,38] cannot find symbol
  symbol:   class AuthorReference
  location: package mg.msys.abde_back.domain.model
[ERROR] /D:/Dev/workspace/abde-back/src/test/java/mg/msys/abde_back/infrastructure/repository/BookSearchJpaRepositoryTest.java:[27,23] cannot find symbol
  symbol:   class BookSearchResult
  location: class mg.msys.abde_back.infrastructure.repository.BookSearchJpaRepositoryTest
[ERROR] /D:/Dev/workspace/abde-back/src/test/java/mg/msys/abde_back/infrastructure/repository/BookSearchJpaRepositoryTest.java:[186,23] cannot find symbol
  symbol:   class BookSearchResult
  location: class mg.msys.abde_back.infrastructure.repository.BookSearchJpaRepositoryTest
[ERROR] /D:/Dev/workspace/abde-back/src/test/java/mg/msys/abde_back/infrastructure/repository/BookSearchJpaRepositoryTest.java:[203,18] cannot find symbol
  symbol:   class AuthorReference
  location: class mg.msys.abde_back.infrastructure.repository.BookSearchJpaRepositoryTest
[INFO] 7 errors 
[INFO] -------------------------------------------------------------
[INFO] ------------------------------------------------------------------------
[INFO] BUILD FAILURE
[INFO] ------------------------------------------------------------------------
[INFO] Total time:  2.993 s
[INFO] Finished at: 2026-03-22T10:03:29+01:00
[INFO] ------------------------------------------------------------------------
[ERROR] Failed to execute goal org.apache.maven.plugins:maven-compiler-plugin:3.14.1:testCompile (default-testCompile) on project abde-back: Compilation failure: Compilation failure: 
[ERROR] /D:/Dev/workspace/abde-back/src/test/java/mg/msys/abde_back/adapter/out/BookSearchPersistenceAdapterTest.java:[20,38] cannot find symbol
[ERROR]   symbol:   class AuthorReference
[ERROR]   location: package mg.msys.abde_back.domain.model
[ERROR] /D:/Dev/workspace/abde-back/src/test/java/mg/msys/abde_back/adapter/out/BookSearchPersistenceAdapterTest.java:[23,38] cannot find symbol
[ERROR]   symbol:   class BookSearchResult
[ERROR]   location: package mg.msys.abde_back.domain.model
[ERROR] /D:/Dev/workspace/abde-back/src/test/java/mg/msys/abde_back/infrastructure/repository/BookSearchJpaRepositoryTest.java:[21,38] cannot find symbol
[ERROR]   symbol:   class BookSearchResult
[ERROR]   location: package mg.msys.abde_back.domain.model
[ERROR] /D:/Dev/workspace/abde-back/src/test/java/mg/msys/abde_back/infrastructure/repository/BookSearchJpaRepositoryTest.java:[22,38] cannot find symbol
[ERROR]   symbol:   class AuthorReference
[ERROR]   location: package mg.msys.abde_back.domain.model
[ERROR] /D:/Dev/workspace/abde-back/src/test/java/mg/msys/abde_back/infrastructure/repository/BookSearchJpaRepositoryTest.java:[27,23] cannot find symbol
[ERROR]   symbol:   class BookSearchResult
[ERROR]   location: class mg.msys.abde_back.infrastructure.repository.BookSearchJpaRepositoryTest
[ERROR] /D:/Dev/workspace/abde-back/src/test/java/mg/msys/abde_back/infrastructure/repository/BookSearchJpaRepositoryTest.java:[186,23] cannot find symbol
[ERROR]   symbol:   class BookSearchResult
[ERROR]   location: class mg.msys.abde_back.infrastructure.repository.BookSearchJpaRepositoryTest
[ERROR] /D:/Dev/workspace/abde-back/src/test/java/mg/msys/abde_back/infrastructure/repository/BookSearchJpaRepositoryTest.java:[203,18] cannot find symbol
[ERROR]   symbol:   class AuthorReference
[ERROR]   location: class mg.msys.abde_back.infrastructure.repository.BookSearchJpaRepositoryTest
[ERROR] -> [Help 1]
[ERROR] 
[ERROR] To see the full stack trace of the errors, re-run Maven with the -e switch.
[ERROR] Re-run Maven using the -X switch to enable full debug logging.
[ERROR] 
[ERROR] For more information about the errors and possible solutions, please read the following articles:
[ERROR] [Help 1] http://cwiki.apache.org/confluence/display/MAVEN/MojoFailureException
